// Jest Snapshot v1, https://goo.gl/fbAQLP

exports[`App Snapshot Matches 1`] = `
<div
  className="App"
>
  <div
    className="navigation"
  >
    <nav
      className="navbar navbar-expand-sm navbar-dark bg-secondary justify-content-between"
    >
      <div
        className="container-fluid"
      >
        <a
          className="navbar-brand"
          href="/"
          onClick={[Function]}
        >
          Library
        </a>
        <button
          aria-controls="navbarResponsive"
          aria-expanded="false"
          aria-label="Toggle navigation"
          className="navbar-toggler"
          data-target="#navbarResponsive"
          data-toggle="collapse"
          type="button"
        >
          <span
            className="navbar-toggler-icon"
          />
        </button>
        <div
          className="collapse navbar-collapse"
          id="navbarResponsive"
        >
          <ul
            className="navbar-nav ml-auto"
          >
            <li
              className="nav-item  active"
            >
              <a
                className="nav-link"
                href="/"
                onClick={[Function]}
              >
                Recently Read
                <span
                  className="sr-only"
                >
                  (current)
                </span>
              </a>
            </li>
            <li
              className="nav-item  "
            >
              <a
                className="nav-link"
                href="/to-read"
                onClick={[Function]}
              >
                To Read
              </a>
            </li>
            <li
              className="nav-item  "
            >
              <a
                className="nav-link"
                href="/highly-rated"
                onClick={[Function]}
              >
                Highly Rated
              </a>
            </li>
            <li
              className="nav-item  "
            >
              <a
                className="nav-link"
                href="/stats"
                onClick={[Function]}
              >
                Stats
              </a>
            </li>
          </ul>
        </div>
      </div>
    </nav>
  </div>
  <div
    className="booksContainer"
  >
    <p
      className="loading"
    >
      Loading books from Goodreads...
    </p>
    <ul />
  </div>
  <div
    className="footer"
  >
    <footer
      className="py-4 navbar-dark bg-secondary"
    >
      <div
        className="container"
      >
        <p
          className="m-0 text-center text-white"
        >
          Copyright Â© Chris Otto
          2021
        </p>
      </div>
    </footer>
  </div>
</div>
`;
