// Jest Snapshot v1, https://goo.gl/fbAQLP

exports[`Footer Matches 1`] = `
<div
  className="footer"
>
  <footer
    className="py-4 navbar-dark bg-secondary"
  >
    <div
      className="container"
    >
      <p
        className="m-0 text-center text-white"
      >
        Copyright Â© Chris Otto 
        2021
      </p>
    </div>
  </footer>
</div>
`;
